// Jest Snapshot v1, https://goo.gl/fbAQLP

exports[`Wrapper component test Should render component correctly 1`] = `
<View
  style={
    Array [
      Object {
        "alignItems": "center",
        "backgroundColor": "#e32722",
        "display": "flex",
        "height": "100%",
        "justifyContent": "center",
      },
    ]
  }
>
  <View
    style={
      Array [
        Object {
          "alignItems": "center",
          "backgroundColor": "#64afe1",
          "borderRadius": 5,
          "height": "85%",
          "justifyContent": "center",
          "width": "85%",
        },
      ]
    }
  >
    This is a String
  </View>
</View>
`;
