// Jest Snapshot v1, https://goo.gl/fbAQLP

exports[`Regions component test Should render component correctly 1`] = `
<View
  style={
    Array [
      Object {
        "alignItems": "center",
        "backgroundColor": "#e32722",
        "display": "flex",
        "height": "100%",
        "justifyContent": "center",
      },
    ]
  }
>
  <View
    style={
      Array [
        Object {
          "alignItems": "center",
          "backgroundColor": "#64afe1",
          "borderRadius": 5,
          "height": "85%",
          "justifyContent": "center",
          "width": "85%",
        },
      ]
    }
  >
    <RCTScrollView
      data={
        Array [
          Object {
            "name": "kantoo",
          },
          Object {
            "name": "johto",
          },
        ]
      }
      disableVirtualization={false}
      getItem={[Function]}
      getItemCount={[Function]}
      horizontal={false}
      initialNumToRender={10}
      keyExtractor={[Function]}
      maxToRenderPerBatch={10}
      numColumns={3}
      onContentSizeChange={[Function]}
      onEndReachedThreshold={2}
      onLayout={[Function]}
      onMomentumScrollEnd={[Function]}
      onScroll={[Function]}
      onScrollBeginDrag={[Function]}
      onScrollEndDrag={[Function]}
      renderItem={[Function]}
      scrollEventThrottle={50}
      stickyHeaderIndices={Array []}
      style={
        Array [
          Object {},
        ]
      }
      updateCellsBatchingPeriod={50}
      viewabilityConfigCallbackPairs={Array []}
      windowSize={21}
    >
      <View>
        <View
          onLayout={[Function]}
          style={null}
        >
          <View
            style={
              Object {
                "flexDirection": "row",
              }
            }
          >
            <View
              style={
                Array [
                  Object {
                    "alignItems": "center",
                    "backgroundColor": "#e6e6e6",
                    "borderRadius": 5,
                    "marginBottom": 10,
                    "marginLeft": 10,
                    "marginRight": 10,
                    "marginTop": 10,
                    "paddingBottom": 5,
                    "paddingTop": 5,
                    "width": "25%",
                  },
                ]
              }
            >
              <Image
                source={
                  Object {
                    "testUri": "../../../src/assets/icons/worldwide.png",
                  }
                }
                style={
                  Array [
                    Object {
                      "height": 32,
                      "width": 32,
                    },
                  ]
                }
              />
              <Text
                style={
                  Array [
                    Object {
                      "color": "#000",
                      "marginLeft": 5,
                      "marginTop": 5,
                    },
                  ]
                }
              >
                Kantoo
              </Text>
            </View>
            <View
              style={
                Array [
                  Object {
                    "alignItems": "center",
                    "backgroundColor": "#e6e6e6",
                    "borderRadius": 5,
                    "marginBottom": 10,
                    "marginLeft": 10,
                    "marginRight": 10,
                    "marginTop": 10,
                    "paddingBottom": 5,
                    "paddingTop": 5,
                    "width": "25%",
                  },
                ]
              }
            >
              <Image
                source={
                  Object {
                    "testUri": "../../../src/assets/icons/worldwide.png",
                  }
                }
                style={
                  Array [
                    Object {
                      "height": 32,
                      "width": 32,
                    },
                  ]
                }
              />
              <Text
                style={
                  Array [
                    Object {
                      "color": "#000",
                      "marginLeft": 5,
                      "marginTop": 5,
                    },
                  ]
                }
              >
                Johto
              </Text>
            </View>
          </View>
        </View>
      </View>
    </RCTScrollView>
  </View>
</View>
`;
