// Jest Snapshot v1, https://goo.gl/fbAQLP

exports[`Welcome component test Should render component correctly 1`] = `
<View
  style={
    Array [
      Object {
        "alignItems": "center",
        "backgroundColor": "#e32722",
        "display": "flex",
        "height": "100%",
        "justifyContent": "center",
      },
    ]
  }
>
  <View
    style={
      Array [
        Object {
          "alignItems": "center",
          "backgroundColor": "#64afe1",
          "borderRadius": 5,
          "height": "85%",
          "justifyContent": "center",
          "width": "85%",
        },
      ]
    }
  >
    <View
      style={
        Object {
          "transform": Array [
            Object {
              "scale": 0.30000000000000004,
            },
          ],
        }
      }
    >
      <Text
        style={
          Array [
            Object {
              "color": "#fff",
              "fontSize": 36,
            },
          ]
        }
      >
        Pok√©dex
      </Text>
      <View
        accessible={true}
        isTVSelectable={true}
        onResponderGrant={[Function]}
        onResponderMove={[Function]}
        onResponderRelease={[Function]}
        onResponderTerminate={[Function]}
        onResponderTerminationRequest={[Function]}
        onStartShouldSetResponder={[Function]}
        style={
          Object {
            "alignItems": "center",
            "marginTop": 50,
            "opacity": 1,
          }
        }
      >
        <Text
          style={
            Array [
              Object {
                "color": "#fff",
                "fontSize": 18,
              },
            ]
          }
        >
          Regions
        </Text>
      </View>
    </View>
  </View>
</View>
`;
