// Jest Snapshot v1, https://goo.gl/fbAQLP

exports[`Regions component test Should render component correctly 1`] = `
<View
  style={
    Array [
      Object {
        "alignItems": "center",
        "backgroundColor": "#e32722",
        "display": "flex",
        "height": "100%",
        "justifyContent": "center",
      },
    ]
  }
>
  <View
    style={
      Array [
        Object {
          "alignItems": "center",
          "backgroundColor": "#64afe1",
          "borderRadius": 5,
          "height": "85%",
          "justifyContent": "center",
          "width": "85%",
        },
      ]
    }
  >
    <RCTScrollView
      data={
        Array [
          Object {
            "name": "kantoo",
          },
          Object {
            "name": "johto",
          },
        ]
      }
      disableVirtualization={false}
      getItem={[Function]}
      getItemCount={[Function]}
      horizontal={false}
      initialNumToRender={10}
      keyExtractor={[Function]}
      maxToRenderPerBatch={10}
      numColumns={1}
      onContentSizeChange={[Function]}
      onEndReachedThreshold={2}
      onLayout={[Function]}
      onMomentumScrollEnd={[Function]}
      onScroll={[Function]}
      onScrollBeginDrag={[Function]}
      onScrollEndDrag={[Function]}
      removeClippedSubviews={false}
      renderItem={[Function]}
      scrollEventThrottle={50}
      stickyHeaderIndices={Array []}
      style={
        Array [
          Object {},
        ]
      }
      updateCellsBatchingPeriod={50}
      viewabilityConfigCallbackPairs={Array []}
      windowSize={21}
    >
      <View>
        <View
          onLayout={[Function]}
          style={null}
        >
          <View
            style={
              Array [
                Object {
                  "backgroundColor": "#e6e6e6",
                  "borderRadius": 5,
                  "marginBottom": 10,
                  "marginLeft": 10,
                  "marginRight": 10,
                  "marginTop": 10,
                  "paddingBottom": 20,
                  "paddingLeft": 50,
                  "paddingRight": 50,
                  "paddingTop": 20,
                },
              ]
            }
          >
            <View
              accessible={true}
              clickable={true}
              isTVSelectable={true}
              onClick={[Function]}
              onResponderGrant={[Function]}
              onResponderMove={[Function]}
              onResponderRelease={[Function]}
              onResponderTerminate={[Function]}
              onResponderTerminationRequest={[Function]}
              onStartShouldSetResponder={[Function]}
              style={
                Object {
                  "alignItems": "center",
                  "opacity": 1,
                }
              }
            >
              <Text
                style={
                  Array [
                    Object {
                      "color": "#000",
                      "fontSize": 24,
                    },
                  ]
                }
              >
                Kantoo
              </Text>
            </View>
          </View>
        </View>
        <View
          onLayout={[Function]}
          style={null}
        >
          <View
            style={
              Array [
                Object {
                  "backgroundColor": "#e6e6e6",
                  "borderRadius": 5,
                  "marginBottom": 10,
                  "marginLeft": 10,
                  "marginRight": 10,
                  "marginTop": 10,
                  "paddingBottom": 20,
                  "paddingLeft": 50,
                  "paddingRight": 50,
                  "paddingTop": 20,
                },
              ]
            }
          >
            <View
              accessible={true}
              clickable={true}
              isTVSelectable={true}
              onClick={[Function]}
              onResponderGrant={[Function]}
              onResponderMove={[Function]}
              onResponderRelease={[Function]}
              onResponderTerminate={[Function]}
              onResponderTerminationRequest={[Function]}
              onStartShouldSetResponder={[Function]}
              style={
                Object {
                  "alignItems": "center",
                  "opacity": 1,
                }
              }
            >
              <Text
                style={
                  Array [
                    Object {
                      "color": "#000",
                      "fontSize": 24,
                    },
                  ]
                }
              >
                Johto
              </Text>
            </View>
          </View>
        </View>
      </View>
    </RCTScrollView>
  </View>
</View>
`;
